// Jest Snapshot v1, https://goo.gl/fbAQLP

exports[`<VectorAuthHeaderLogo /> should match snapshot 1`] = `
<DocumentFragment>
  <aside
    class="mx_AuthHeaderLogo"
  >
    <img
      alt="PayChat"
      src="themes/element/img/logos/element-logo.svg"
    />
  </aside>
</DocumentFragment>
`;
